// Jest Snapshot v1, https://goo.gl/fbAQLP

exports[`Index component should render routes to Login, Logout, Register and Tasks 1`] = `
<HashRouter>
  <Header>
    Todo list application
  </Header>
  <Container>
    <Switch>
      <Route
        path="/tasks"
      >
        <Tasks />
      </Route>
      <Route
        path="/register"
      >
        <Register />
      </Route>
      <Route
        path="/logout"
      >
        <Logout />
      </Route>
      <Route>
        <Login />
      </Route>
    </Switch>
  </Container>
</HashRouter>
`;
